00000010
00000011
10011110
10011111
00100100
00100101
00001100
00001101
10011000
10011001
01001000
01001001
01000000
01000001
00011110
00011111
00000000
00000001
00001000
00001001
00010000
00010001
11000000
11000001
01100010
01100011
10000100
10000101
01100000
01100001
01110000
01110001
00000010
00000011
10011110
10011111
00100100
00100101
00001100
00001101
10011000
10011001
01001000
01001001
01000000
01000001
00011110
00011111
00000000
00000001
00001000
